---
source: crates/tirith/tests/help_snapshots.rs
expression: cleaned
---
Explain the last triggered rule

Usage: tirith why [OPTIONS]

Options:
      --format <FORMAT>  Output format (default: human) [possible values: human, json]
  -h, --help             Print help

Examples:
  tirith why
  tirith why --format json
